Timestamp               Ty Process[PID:TID]
2023-05-04 14:57:08.457 Df CoreSimulatorBridge[93736:d04af6] [com.apple.FrontBoard:Common] FBSSystemAppProxy: Sending request to terminate application org.vechain.veworld.app
2023-05-04 14:57:08.457 Df SpringBoard[65887:d04aec] [com.apple.FrontBoard:Common] [FBSystemService] Request received from CoreSimulatorBr.93736 to terminate application org.vechain.veworld.app: "Termination requested by simulator host"
2023-05-04 14:57:08.457 Df SpringBoard[65887:c8935f] [com.apple.FrontBoard:Common] [FBSystemService] Found no processes to terminate.
2023-05-04 14:57:08.457 E  CoreSimulatorBridge[93736:d047e8] [com.apple.FrontBoard:Common] FBSSystemAppProxy: Error reported for termination request: <NSError: 0x60000022aa60; domain: NSPOSIXErrorDomain; code: 3 (No such process); reason: "found nothing to terminate">
2023-05-04 14:57:08.526 Df SpringBoard[65887:c8935f] [com.apple.PaperBoardUI:Common] [lock] Poster scene is not ready for color sampling (wrong settings)
2023-05-04 14:57:08.526 Df SpringBoard[65887:c8935f] [com.apple.PaperBoardUI:Common] [home] Poster scene is not ready for color sampling (wrong settings)
2023-05-04 14:57:08.859 Db locationd[93731:b8fdbd] [com.apple.locationd.Motion:Motion] Ping timer fired, resetting watchdog
2023-05-04 14:57:09.132 A  securityd[93758:d04a07] (CloudKit) client/modify-subscriptions
2023-05-04 14:57:09.132 Df securityd[93758:d04a07] [com.apple.cloudkit.sim:OP] Starting operation <CKModifySubscriptionsOperation: 0x158308e00; operationID=6C53A40F235EA1A6, resolvedConfig={ timeoutForRequest=60, flags=isCloudKitSupportOperation, discretionary=Non-Disc }, qos=Default, databaseScope=Private, databaseScope=Private>
2023-05-04 14:57:09.133 Db securityd[93758:d04b45] [com.apple.cloudkit.sim:CK] Placeholder op <CKPlaceholderOperation: 0x14ee0ae10; operationID=95D36FCFF3D698A6> finishing in main
2023-05-04 14:57:09.133 Db securityd[93758:d04b45] [com.apple.cloudkit.sim:CK] Operation was marked as finished: <CKPlaceholderOperation: 0x14ee0ae10; operationID=95D36FCFF3D698A6, runningFor=9.962, stateFlags=finished>
2023-05-04 14:57:09.134 Db securityd[93758:d0499a] [com.apple.cloudkit.sim:CK] Operation was marked as finished: <CKModifyRecordZonesOperation: 0x14ef0ddb0; qos=Default, operationID=95D36FCFF3D698A6, operationGroup={ configs=, operationGroupID=F1C2F075CA40A333, recv-size=Kilobytes, full-name=zone-creation, defaultConfiguration=<CKOperationConfiguration: 0x6000030003c0; timeoutForRequest=60, discretionary=Infers Disc>, send-size=Kilobytes }, metrics=<CKOperationMetrics: 0x60000012d860; cloudKitMetrics=<CKMetric: 0x6000033b6400; startDate=2023-05-04 12:56:59 +0000, duration=0.005, queueing=0.000, executing=0.004, bytesUploaded=0, bytesDownloaded=0, connections=0, connectionsCreated=0, totalBytesByChunkProfile={  }, chunkCountByChunkProfile={  }, fileCountByChunkProfile={  }>>, stateFlags=finished, resolvedConfig={ timeoutForRequest=60, flags=isCloudKitSupportOperation, discretionary=Non-Disc }, databaseScope=Private>
2023-05-04 14:57:09.134 Db cfprefsd[93746:d01967] [com.apple.defaults:cfprefsd] Process 93758 (securityd) sent a request related to { com.apple.CloudKit, user: mobile, kCFPreferencesAnyHost, /Users/vasileiosgkreen/Library/Developer/CoreSimulator/Devices/15141120-CEF1-4E7D-A5E7-63B78DA08422/data/Library/Preferences/com.apple.CloudKit.plist, managed: 0 } (0x600003c5c0a0)
2023-05-04 14:57:09.134 Db cfprefsd[93746:d01967] [com.apple.defaults:cfprefsd] Process 93758 (securityd) read data for { com.apple.CloudKit, mobile, kCFPreferencesAnyHost, /Users/vasileiosgkreen/Library/Developer/CoreSimulator/Devices/15141120-CEF1-4E7D-A5E7-63B78DA08422/data/Library/Preferences/com.apple.CloudKit.plist, managed: 0 }, backed by /Users/vasileiosgkreen/Library/Developer/CoreSimulator/Devices/15141120-CEF1-4E7D-A5E7-63B78DA08422/data/Library/Preferences/com.apple.CloudKit.plist
2023-05-04 14:57:09.135 Db cfprefsd[93746:d01967] [com.apple.defaults:cfprefsd] Process 93758 (securityd) sent a request related to { com.apple.CloudKit, user: mobile, kCFPreferencesAnyHost, /Users/vasileiosgkreen/Library/Developer/CoreSimulator/Devices/15141120-CEF1-4E7D-A5E7-63B78DA08422/data/Library/Preferences/com.apple.CloudKit.plist, managed: 0 } (0x600003c5c0a0)
2023-05-04 14:57:09.135 Db cfprefsd[93746:d01967] [com.apple.defaults:cfprefsd] Process 93758 (securityd) read data for { com.apple.CloudKit, mobile, kCFPreferencesAnyHost, /Users/vasileiosgkreen/Library/Developer/CoreSimulator/Devices/15141120-CEF1-4E7D-A5E7-63B78DA08422/data/Library/Preferences/com.apple.CloudKit.plist, managed: 0 }, backed by /Users/vasileiosgkreen/Library/Developer/CoreSimulator/Devices/15141120-CEF1-4E7D-A5E7-63B78DA08422/data/Library/Preferences/com.apple.CloudKit.plist
2023-05-04 14:57:09.135 Db securityd[93758:d04a07] [com.apple.defaults:User Defaults] CFPrefsPlistSource<0x600002fb2380> (Domain: com.apple.CloudKit, User: kCFPreferencesCurrentUser, ByHost: No, Container: (null), Contents Need Refresh: No) loaded: a new base plist and no additional changes from the base plist
2023-05-04 14:57:09.135 Db securityd[93758:d04a07] [com.apple.defaults:User Defaults] CFPrefsPlistSource<0x600002fb2500> (Domain: com.apple.CloudKit, User: kCFPreferencesCurrentUser, ByHost: No, Container: /Users/vasileiosgkreen/Library/Developer/CoreSimulator/Devices/15141120-CEF1-4E7D-A5E7-63B78DA08422/data, Contents Need Refresh: No) loaded: a new base plist and no additional changes from the base plist
2023-05-04 14:57:09.135 Db securityd[93758:d04a07] [com.apple.defaults:User Defaults] found no value for key BehaviorOptions in CFPrefsSearchListSource<0x600002fb2300> (Domain: com.apple.CloudKit, Container: (null))
2023-05-04 14:57:09.135 I  securityd[93758:d04a07] [com.apple.cloudkit.sim:CK] Invoking main for operation <CKModifySubscriptionsOperation: 0x158308e00; operationID=6C53A40F235EA1A6> on container/implementation 0x6000022ad270 / 0x600003da0400
2023-05-04 14:57:09.135 I  securityd[93758:d04a07] [com.apple.cloudkit.sim:CK] Operation <CKModifySubscriptionsOperation: 0x158308e00; operationID=6C53A40F235EA1A6> enqueuing on container throttle queue
2023-05-04 14:57:09.135 Db securityd[93758:d04a07] [com.apple.cloudkit.sim:CK] Placeholder op <CKPlaceholderOperation: 0x11ed30bd0; operationID=6C53A40F235EA1A6> starting
2023-05-04 14:57:09.135 Db securityd[93758:d04a07] [com.apple.cloudkit.sim:CK] Operation was marked as executing: <CKPlaceholderOperation: 0x11ed30bd0; operationID=6C53A40F235EA1A6, runningFor=0, stateFlags=executing>
2023-05-04 14:57:09.135 I  securityd[93758:d04a07] [com.apple.cloudkit.sim:CK] Operation <CKModifySubscriptionsOperation: 0x158308e00; operationID=6C53A40F235EA1A6> invoking on container throttle queue
2023-05-04 14:57:09.137 Db cloudd[93764:d048f9] [com.apple.cloudkit.sim:CK] Connection <CKDXPCConnection: 0x6000010eff20; client=securityd(93758)> keep alive counter incremented to 1
2023-05-04 14:57:09.137 Db cloudd[93764:d048f9] [com.apple.defaults:User Defaults] found no value for key BehaviorOptions in CFPrefsSearchListSource<0x600001dfc100> (Domain: com.apple.CloudKit, Container: (null))
2023-05-04 14:57:09.137 Db cloudd[93764:d048f9] [com.apple.defaults:User Defaults] found no value for key BehaviorOptions in CFPrefsSearchListSource<0x600001dfc100> (Domain: com.apple.CloudKit, Container: (null))
2023-05-04 14:57:09.137 Df cloudd[93764:d048f9] [com.apple.cloudkit.sim:OP] Initialized with container 0x144d16ba0. Background: 0, cellular: 1, expensive: 1, QOS: 0x11
2023-05-04 14:57:09.137 Db cloudd[93764:d048f9] [com.apple.cloudkit.sim:CK] Placeholder op <CKDPlaceholderOperation 0x144d0c180:6C53A40F235EA1A6> starting
2023-05-04 14:57:09.137 Db cloudd[93764:d048f9] [com.apple.cloudkit.sim:CK] Operation was marked as executing: <CKDPlaceholderOperation: 0x144d0c180; runningFor=0, realOperation={ containerID=com.apple.security.keychain, qos=Utility, operationID=6C53A40F235EA1A6, currentAccountID=847A1D67-042B-48F0-B02C-2E78CF2DFEDC, flags=allows-cellular|allows-expensive, runningFor=0.001 }, stateFlags=executing>
2023-05-04 14:57:09.137 I  cloudd[93764:d048f9] [com.apple.cloudkit.sim:CK] Adding operation 6C53A40F235EA1A6 to target queue (0/-1 in queue)
2023-05-04 14:57:09.137 A  cloudd[93764:d0499c] (CloudKitDaemon) daemon/modify-subscriptions
2023-05-04 14:57:09.137 I  securityd[93758:d0499a] [com.apple.cloudkit.sim:CK] Operation 95D36FCFF3D698A6 finished with error: <CKError 0x600000ff50e0: "Not Authenticated" (2011); "User rejected a prompt to enter their iCloud account password"><CKError 0x600000f6ac10: "Not Authenticated" (9/2011); "User rejected a prompt to enter their iCloud account password">
2023-05-04 14:57:09.137 Df cloudd[93764:d0499c] [com.apple.cloudkit.sim:OP] Starting <CKDModifySubscriptionsOperation: 0x114d09d70; qos=Utility, operationID=6C53A40F235EA1A6, flags=allows-cellular|allows-expensive, runningFor=0.001, currentAccountID=847A1D67-042B-48F0-B02C-2E78CF2DFEDC, containerID=com.apple.security.keychain>
2023-05-04 14:57:09.138 A  securityd[93758:d0499a] (CloudKit) client/submit-event-metric
2023-05-04 14:57:09.138 I  securityd[93758:d0499a] [com.apple.cloudkit.sim:CK] Client submitting CKEventMetric A5E30789-9701-4AA4-8795-0FC8BE4F5205.
2023-05-04 14:57:09.138 Db cloudd[93764:d0499c] [com.apple.cloudkit.sim:CK] Operation was marked as executing: <CKDModifySubscriptionsOperation: 0x114d09d70; containerID=com.apple.security.keychain, qos=Utility, operationID=6C53A40F235EA1A6, currentAccountID=847A1D67-042B-48F0-B02C-2E78CF2DFEDC, stateFlags=executing, flags=allows-cellular|allows-expensive, runningFor=0.001>
2023-05-04 14:57:09.138 Db cloudd[93764:d0499c] [com.apple.cloudkit.sim:CK] Operation 6C53A40F235EA1A6 requires checking app version.  Doing so
2023-05-04 14:57:09.138 Db cloudd[93764:d0499c] [com.apple.cloudkit.sim:CK] Checking application version
2023-05-04 14:57:09.138 Db cloudd[93764:d0499c] [com.apple.cloudkit.sim:CK] Invoking main for operation 6C53A40F235EA1A6
2023-05-04 14:57:09.138 I  cloudd[93764:d048f9] [com.apple.cloudkit.sim:CK] Daemon submitting CKEventMetric A5E30789-9701-4AA4-8795-0FC8BE4F5205.
2023-05-04 14:57:09.139 Db cloudd[93764:d048f9] [com.apple.defaults:User Defaults] found no value for key BehaviorOptions in CFPrefsSearchListSource<0x600001dfc100> (Domain: com.apple.CloudKit, Container: (null))
2023-05-04 14:57:09.139 Db cloudd[93764:d048f9] [com.apple.defaults:User Defaults] found no value for key BehaviorOptions in CFPrefsSearchListSource<0x600001dfc100> (Domain: com.apple.CloudKit, Container: (null))
2023-05-04 14:57:09.139 Df cloudd[93764:d048f9] [com.apple.cloudkit.sim:OP] Initialized with container 0x144d16ba0. Background: 0, cellular: 1, expensive: 1, QOS: 0x9
2023-05-04 14:57:09.140 Db cloudd[93764:d0499e] [com.apple.defaults:User Defaults] found no value for key BehaviorOptions in CFPrefsSearchListSource<0x600001dfc100> (Domain: com.apple.CloudKit, Container: (null))
2023-05-04 14:57:09.141 I  cloudd[93764:d0499c] [com.apple.cloudkit.sim:CK] Saving 19, deleting 0 subscriptions on the server.
2023-05-04 14:57:09.141 I  cloudd[93764:d0499c] [com.apple.cloudkit.sim:CK] <CKDModifySubscriptionsURLRequest: 0x154d075a0; UUID=F5E9F1A9-AF6D-4AA3-9880-EA1DB0764568> Request Initializing
2023-05-04 14:57:09.141 Df cloudd[93764:d0499c] [com.apple.cloudkit.sim:OP] Operation <CKDModifySubscriptionsOperation: 0x114d09d70; 6C53A40F235EA1A6 (RCE)  State: Not Started, QoS: Utility>, setting current request from (null) to <CKDModifySubscriptionsURLRequest: 0x154d075a0 F5E9F1A9-AF6D-4AA3-9880-EA1DB0764568>
2023-05-04 14:57:09.141 Db cloudd[93764:d0499e] [com.apple.cloudkit.sim:CK] Found cached TCC approval for container <CKDSPIContainer: 0x144d16ba0; containerID=<CKContainerID: 0x600003d971e0; containerIdentifier=com.apple.security.keychain, containerEnvironment="Production">, applicationID=<CKDApplicationID: 0x600003d94600; applicationBundleID=com.apple.securityd>, personaID=(null), containerID=<CKContainerID: 0x600003d971e0; containerIdentifier=com.apple.security.keychain, containerEnvironment="Production">, flags=nopcs>
2023-05-04 14:57:09.141 Db cloudd[93764:d0499c] [com.apple.cloudkit.sim:CK] Configured request <CKDModifySubscriptionsURLRequest: 0x154d075a0; <CKDModifySubscriptionsURLRequest: 0x154d075a0 F5E9F1A9-AF6D-4AA3-9880-EA1DB0764568>> for operation <CKDModifySubscriptionsOperation: 0x114d09d70; 6C53A40F235EA1A6 (RCE)  State: Not Started, QoS: Utility>
2023-05-04 14:57:09.141 A  cloudd[93764:d0499c] (CloudKitDaemon) url-request
2023-05-04 14:57:09.141 Df cloudd[93764:d0499c] [com.apple.cloudkit.sim:Request] req: F5E9F1A9-AF6D-4AA3-9880-EA1DB0764568, "<CKDModifySubscriptionsURLRequest: 0x154d075a0 F5E9F1A9-AF6D-4AA3-9880-EA1DB0764568> Performing"
2023-05-04 14:57:09.141 Db cloudd[93764:d0499c] [com.apple.cloudkit.sim:CK] Found cached TCC approval for container <CKDSPIContainer: 0x144d16ba0; containerID=<CKContainerID: 0x600003d971e0; containerIdentifier=com.apple.security.keychain, containerEnvironment="Production">, applicationID=<CKDApplicationID: 0x600003d94600; applicationBundleID=com.apple.securityd>, personaID=(null), containerID=<CKContainerID: 0x600003d971e0; containerIdentifier=com.apple.security.keychain, containerEnvironment="Production">, flags=nopcs>
2023-05-04 14:57:09.141 Df cloudd[93764:d0499c] [com.apple.cloudkit.sim:Request] req: F5E9F1A9-AF6D-4AA3-9880-EA1DB0764568, "<CKDModifySubscriptionsURLRequest: 0x154d075a0 F5E9F1A9-AF6D-4AA3-9880-EA1DB0764568> Requires a url for the user partition, getting it"
2023-05-04 14:57:09.142 Db cloudd[93764:d0499e] [com.apple.defaults:User Defaults] found no value for key C2Metrics in CFPrefsSearchListSource<0x600001df2580> (Domain: com.apple.c2, Container: (null))
2023-05-04 14:57:09.142 Db cloudd[93764:d0499c] [com.apple.defaults:User Defaults] found no value for key BehaviorOptions in CFPrefsSearchListSource<0x600001dfc100> (Domain: com.apple.CloudKit, Container: (null))
2023-05-04 14:57:09.142 Db cloudd[93764:d0499e] [com.apple.defaults:User Defaults] found no value for key C2MetricsTestName in CFPrefsSearchListSource<0x600001df2580> (Domain: com.apple.c2, Container: (null))
2023-05-04 14:57:09.142 Db cloudd[93764:d0499c] [com.apple.defaults:User Defaults] found no value for key BehaviorOptions in CFPrefsSearchListSource<0x600001dfc100> (Domain: com.apple.CloudKit, Container: (null))
2023-05-04 14:57:09.143 Db cloudd[93764:d0499e] [com.apple.RTCReporting:LegacyClient] active session count now 1/5
2023-05-04 14:57:09.143 I  cloudd[93764:d0499e] [com.apple.cloudkit.sim:CK] CKEventMetric A5E30789-9701-4AA4-8795-0FC8BE4F5205 didCompleteWithError (null)
2023-05-04 14:57:09.143 I  cloudd[93764:d0499e] [com.apple.cloudkit.sim:CK] Daemon submitted CKEventMetric A5E30789-9701-4AA4-8795-0FC8BE4F5205.
2023-05-04 14:57:09.144 Df cloudd[93764:d0499c] [com.apple.cloudkit.sim:Request] req: F5E9F1A9-AF6D-4AA3-9880-EA1DB0764568, "<CKDModifySubscriptionsURLRequest: 0x154d075a0 F5E9F1A9-AF6D-4AA3-9880-EA1DB0764568> Requires configuration, getting it"
2023-05-04 14:57:09.145 Db rtcreportingd[93877:d048fa] [com.apple.rtcreportingd:session_coordinator] registered use for session config for CDD, now 1 uses
2023-05-04 14:57:09.145 Db rtcreportingd[93877:d048fa] [com.apple.rtcreportingd:session_coordinator] session config finished for CDD with 0 uses remaining
2023-05-04 14:57:09.145 Db rtcreportingd[93877:d048fa] [com.apple.rtcreportingd:session_coordinator] not evicting CDD: already running
2023-05-04 14:57:09.145 Df rtcreportingd[93877:d048fa] [com.apple.rtcreportingd:client] notifying cloudd that session QsvjGDk+RN+BNfDiWfuN2g== is disabled
2023-05-04 14:57:09.146 I  cloudd[93764:d0499e] [com.apple.RTCReporting:LegacyClient] dropping message to inactive session(QsvjGDk+RN+BNfDiWfuN2g==)
2023-05-04 14:57:09.146 Db cloudd[93764:d0499e] [com.apple.RTCReporting:LegacyClient] active session count now 0/5
2023-05-04 14:57:09.145 Df cloudd[93764:d0499c] [com.apple.cloudkit.sim:Request] req: F5E9F1A9-AF6D-4AA3-9880-EA1DB0764568, "<CKDModifySubscriptionsURLRequest: 0x154d075a0 F5E9F1A9-AF6D-4AA3-9880-EA1DB0764568> allows a container scoped user id, seeing if we have one"
2023-05-04 14:57:09.147 Db cloudd[93764:d0499e] [com.apple.cloudkit.sim:CK] Fetched container scoped user ID of _b3762c039ff45113fef3e2e58bcf202a for dsid 1332182327
2023-05-04 14:57:09.147 I  cloudd[93764:d0499e] [com.apple.cloudkit.sim:Request] req: F5E9F1A9-AF6D-4AA3-9880-EA1DB0764568, "Fetched container scoped user ID of _b3762c039ff45113fef3e2e58bcf202a for dsid 1332182327"
2023-05-04 14:57:09.148 Df cloudd[93764:d0499c] [com.apple.cloudkit.sim:Request] req: F5E9F1A9-AF6D-4AA3-9880-EA1DB0764568, "<CKDModifySubscriptionsURLRequest: 0x154d075a0 F5E9F1A9-AF6D-4AA3-9880-EA1DB0764568> Requires device id, getting it"
2023-05-04 14:57:09.152 I  cloudd[93764:d0499c] [com.apple.cloudkit.sim:Request] req: F5E9F1A9-AF6D-4AA3-9880-EA1DB0764568, "Fetching auth token"
2023-05-04 14:57:09.153 Db cloudd[93764:d0499c] [com.apple.cloudkit.sim:CK] Found cached TCC approval for container <CKDSPIContainer: 0x144d16ba0; containerID=<CKContainerID: 0x600003d971e0; containerIdentifier=com.apple.security.keychain, containerEnvironment="Production">, applicationID=<CKDApplicationID: 0x600003d94600; applicationBundleID=com.apple.securityd>, personaID=(null), containerID=<CKContainerID: 0x600003d971e0; containerIdentifier=com.apple.security.keychain, containerEnvironment="Production">, flags=nopcs>
2023-05-04 14:57:09.154 E  cloudd[93764:d0499c] [com.apple.cloudkit.sim:CK] Error getting CloudKit auth token: <CKError 0x600003df7c30: "Not Authenticated" (2011); "Got a CloudKit auth token that has already failed a previous auth attempt">
2023-05-04 14:57:09.155 I  cloudd[93764:d0499e] [com.apple.cloudkit.sim:Request] req: F5E9F1A9-AF6D-4AA3-9880-EA1DB0764568, "Encountered an error while fetching auth tokens: <CKError 0x600003df7c30: "Not Authenticated" (2011); "Got a CloudKit auth token that has already failed a previous auth attempt">"
2023-05-04 14:57:09.156 Df cloudd[93764:d0499e] [com.apple.cloudkit.sim:Request] req: F5E9F1A9-AF6D-4AA3-9880-EA1DB0764568, "Handling authentication failure"
2023-05-04 14:57:09.156 Db cloudd[93764:d0499e] [com.apple.defaults:User Defaults] looked up value 169078 for key AccountInfoValidationCounter in CFPrefsPlistSource<0x600001de4280> (Domain: com.apple.CloudKit, User: kCFPreferencesCurrentUser, ByHost: No, Container: (null), Contents Need Refresh: No) via CFPrefsSearchListSource<0x600001dfc100> (Domain: com.apple.CloudKit, Container: (null))
2023-05-04 14:57:09.156 Db cloudd[93764:d0499e] [com.apple.defaults:User Defaults] setting {
    AccountInfoValidationCounter = 169079;
} in CFPrefsPlistSource<0x600001de4280> (Domain: com.apple.CloudKit, User: kCFPreferencesCurrentUser, ByHost: No, Container: (null), Contents Need Refresh: No)
2023-05-04 14:57:09.163 Db cfprefsd[93746:d01967] [com.apple.defaults:cfprefsd] Process 93764 (cloudd) sent a request related to { com.apple.CloudKit, user: mobile, kCFPreferencesAnyHost, /Users/vasileiosgkreen/Library/Developer/CoreSimulator/Devices/15141120-CEF1-4E7D-A5E7-63B78DA08422/data/Library/Preferences/com.apple.CloudKit.plist, managed: 0 } (0x600003c5c0a0)
2023-05-04 14:57:09.166 Db cfprefsd[93746:d01967] [com.apple.defaults:cfprefsd] Process 93764 (cloudd) wrote the key(s) AccountInfoValidationCounter in { com.apple.CloudKit, mobile, kCFPreferencesAnyHost, /Users/vasileiosgkreen/Library/Developer/CoreSimulator/Devices/15141120-CEF1-4E7D-A5E7-63B78DA08422/data/Library/Preferences/com.apple.CloudKit.plist, managed: 0 }
2023-05-04 14:57:09.167 I  cloudd[93764:d0499e] [com.apple.cloudkit.sim:CK] Invalidated adopter account info caches.
2023-05-04 14:57:09.167 Db cloudd[93764:d0499e] [com.apple.cloudkit.sim:Request] req: F5E9F1A9-AF6D-4AA3-9880-EA1DB0764568, "tearDownResourcesAndReleaseTheZoneLocks"
2023-05-04 14:57:09.168 Db cloudd[93764:d0499e] [com.apple.cloudkit.sim:CK] Relinquishing zone gate locks for waiter <CKDModifySubscriptionsURLRequest: 0x154d075a0 F5E9F1A9-AF6D-4AA3-9880-EA1DB0764568>
2023-05-04 14:57:09.169 Db cloudd[93764:d0499e] [com.apple.cloudkit.sim:CK] Relinquishing zone gate locks for waiter <CKDModifySubscriptionsURLRequest: 0x154d075a0 F5E9F1A9-AF6D-4AA3-9880-EA1DB0764568>
2023-05-04 14:57:09.169 Db cloudd[93764:d0499e] [com.apple.cloudkit.sim:Request] req: F5E9F1A9-AF6D-4AA3-9880-EA1DB0764568, "tearDownResources"
2023-05-04 14:57:09.170 Df cloudd[93764:d0499e] [com.apple.cloudkit.sim:Request] req: F5E9F1A9-AF6D-4AA3-9880-EA1DB0764568, "Preparing auth token for request " "<CKDModifySubscriptionsURLRequest: 0x154d075a0; UUID=F5E9F1A9-AF6D-4AA3-9880-EA1DB0764568, flags=foreground|allows-cellular|allows-expensive>"
2023-05-04 14:57:09.171 Db cloudd[93764:d0499c] [com.apple.cloudkit.sim:CK] Found cached TCC approval for container <CKDSPIContainer: 0x144d16ba0; containerID=<CKContainerID: 0x600003d971e0; containerIdentifier=com.apple.security.keychain, containerEnvironment="Production">, applicationID=<CKDApplicationID: 0x600003d94600; applicationBundleID=com.apple.securityd>, personaID=(null), containerID=<CKContainerID: 0x600003d971e0; containerIdentifier=com.apple.security.keychain, containerEnvironment="Production">, flags=nopcs>
2023-05-04 14:57:09.171 E  cloudd[93764:d0499c] [com.apple.cloudkit.sim:CK] Error getting CloudKit auth token: <CKError 0x600003da3840: "Not Authenticated" (2011); "Got a CloudKit auth token that has already failed a previous auth attempt">
2023-05-04 14:57:09.171 Db cloudd[93764:d0499c] [com.apple.cloudkit.sim:CK] Found cached TCC approval for container <CKDSPIContainer: 0x144d16ba0; containerID=<CKContainerID: 0x600003d971e0; containerIdentifier=com.apple.security.keychain, containerEnvironment="Production">, applicationID=<CKDApplicationID: 0x600003d94600; applicationBundleID=com.apple.securityd>, personaID=(null), containerID=<CKContainerID: 0x600003d971e0; containerIdentifier=com.apple.security.keychain, containerEnvironment="Production">, flags=nopcs>
2023-05-04 14:57:09.171 I  cloudd[93764:d0499c] [com.apple.cloudkit.sim:CK] Re-fetching our auth token
2023-05-04 14:57:09.171 A  cloudd[93764:d0499c] (Accounts) accounts/renew-credentials
2023-05-04 14:57:09.171 Db cloudd[93764:d0499c] [com.apple.accounts:signpost] BEGIN [51619]: RenewCredentials  AccountType=__##__signpost.telemetry#____#string1#_##_#com.apple.account.AppleAccount##__##  ShouldForce=__##__signpost.telemetry#____#number1#_##_#0##__##  ShouldAvoidUI=__##__signpost.telemetry#____#number2#_##_#0##__##  enableTelemetry=YES (account: gaganos@hotmail.com (847A1D67-042B-48F0-B02C-2E78CF2DFEDC))
2023-05-04 14:57:09.172 Df cloudd[93764:d0499c] [com.apple.accounts:core] "Starting credential renewal for account gaganos@hotmail.com (847A1D67-042B-48F0-B02C-2E78CF2DFEDC)."
2023-05-04 14:57:09.172 I  cloudd[93764:d0499c] [com.apple.cloudkit.sim:CK] Waiting on a credential renewal for account 847A1D67-042B-48F0-B02C-2E78CF2DFEDC
2023-05-04 14:57:09.173 Db accountsd[65893:d04470] [com.apple.defaults:User Defaults] found no value for key ACShouldSuppressPrompts in CFPrefsSearchListSource<0x6000032fc180> (Domain: com.apple.accountsd, Container: (null))
2023-05-04 14:57:09.173 Df accountsd[65893:d04470] [com.apple.accounts:daemon] "renewCredentialsForAccount gaganos@hotmail.com (847A1D67-042B-48F0-B02C-2E78CF2DFEDC) was called by client cloudd with reason (null) shouldForce 0 shouldAvoidUI 0"
2023-05-04 14:57:09.173 Db accountsd[65893:d04470] [com.apple.accounts:daemon] "Returning account's accountType as the authentication type: com.apple.account.AppleAccount"
2023-05-04 14:57:09.174 Db accountsd[65893:d04470] [com.apple.accounts:daemon] "renewCredentials using authType: com.apple.account.AppleAccount"
2023-05-04 14:57:09.174 A  accountsd[65893:d04470] (Accounts) accounts/account-with-identifier-sync
2023-05-04 14:57:09.174 Db accountsd[65893:d04470] [com.apple.accounts:signpost] BEGIN [3801]: AccountWithIdentifierSync 847A1D67-042B-48F0-B02C-2E78CF2DFEDC
2023-05-04 14:57:09.174 Db accountsd[65893:d04470] [com.apple.accounts:signpost] END [3801] 0.000282s: AccountWithIdentifierSync gaganos@hotmail.com (847A1D67-042B-48F0-B02C-2E78CF2DFEDC)
2023-05-04 14:57:09.175 Df accountsd[65893:d04470] [com.apple.accounts:daemon] "The user has declined an identical request to renew credentials for gaganos@hotmail.com (847A1D67-042B-48F0-B02C-2E78CF2DFEDC) within the past 24 hours. Suppressing the password prompt and failing immediately."
2023-05-04 14:57:09.175 Df accountsd[65893:d04470] [com.apple.accounts:daemon] "Limit renewal for account gaganos@hotmail.com (847A1D67-042B-48F0-B02C-2E78CF2DFEDC) with renewal ID (null)."
2023-05-04 14:57:09.175 Df cloudd[93764:d048f9] [com.apple.accounts:core] "Completed account credential renewal: 1 - (null)."
2023-05-04 14:57:09.175 Db cloudd[93764:d048f9] [com.apple.accounts:signpost] END [51619] 0.003772s: RenewCredentials NO
2023-05-04 14:57:09.175 I  cloudd[93764:d048f9] [com.apple.cloudkit.sim:CK] Renew result was Renewal rejected by user. error=(null)
2023-05-04 14:57:09.175 I  cloudd[93764:d0499c] [com.apple.cloudkit.sim:CK] Credential renewal for account 847A1D67-042B-48F0-B02C-2E78CF2DFEDC finished unsuccessfully. Error was <CKError 0x600003df3750: "Not Authenticated" (2011); "User rejected a prompt to enter their iCloud account password">
2023-05-04 14:57:09.175 Df cloudd[93764:d048f9] [com.apple.cloudkit.sim:Request] req: F5E9F1A9-AF6D-4AA3-9880-EA1DB0764568, "Warn: Couldn't renew an auth token- cancelling this request"
2023-05-04 14:57:09.175 Df cloudd[93764:d048f9] [com.apple.cloudkit.sim:Request] req: F5E9F1A9-AF6D-4AA3-9880-EA1DB0764568, "_finishOnLifecycleQueueWithError:, asked to finish with error <CKError 0x600003df3750: "Not Authenticated" (2011); "User rejected a prompt to enter their iCloud account password">"
2023-05-04 14:57:09.175 Db cloudd[93764:d048f9] [com.apple.cloudkit.sim:Request] req: F5E9F1A9-AF6D-4AA3-9880-EA1DB0764568, "Marking as finished"
2023-05-04 14:57:09.176 Db cloudd[93764:d048f9] [com.apple.cloudkit.sim:Request] req: F5E9F1A9-AF6D-4AA3-9880-EA1DB0764568, "_finishOnLifecycleQueueWithError:, will finish request <CKDModifySubscriptionsURLRequest: 0x154d075a0 F5E9F1A9-AF6D-4AA3-9880-EA1DB0764568> with error <CKError 0x600003df3750: "Not Authenticated" (2011); "User rejected a prompt to enter their iCloud account password">"
2023-05-04 14:57:09.178 Db cfprefsd[93746:d01967] [com.apple.defaults:cfprefsd] Process 93764 (cloudd) sent a request related to { com.apple.CloudKit, user: mobile, kCFPreferencesAnyHost, /Users/vasileiosgkreen/Library/Developer/CoreSimulator/Devices/15141120-CEF1-4E7D-A5E7-63B78DA08422/data/Library/Preferences/com.apple.CloudKit.plist, managed: 0 } (0x600003c5c0a0)
2023-05-04 14:57:09.178 Db cfprefsd[93746:d01967] [com.apple.defaults:cfprefsd] Process 93764 (cloudd) read data for { com.apple.CloudKit, mobile, kCFPreferencesAnyHost, /Users/vasileiosgkreen/Library/Developer/CoreSimulator/Devices/15141120-CEF1-4E7D-A5E7-63B78DA08422/data/Library/Preferences/com.apple.CloudKit.plist, managed: 0 }, backed by /Users/vasileiosgkreen/Library/Developer/CoreSimulator/Devices/15141120-CEF1-4E7D-A5E7-63B78DA08422/data/Library/Preferences/com.apple.CloudKit.plist
2023-05-04 14:57:09.181 Db cloudd[93764:d048f9] [com.apple.defaults:User Defaults] CFPrefsPlistSource<0x600001de4080> (Domain: com.apple.CloudKit, User: kCFPreferencesCurrentUser, ByHost: No, Container: /Users/vasileiosgkreen/Library/Developer/CoreSimulator/Devices/15141120-CEF1-4E7D-A5E7-63B78DA08422/data, Contents Need Refresh: No) loaded: a new base plist and a diff relative to the base plist
2023-05-04 14:57:09.181 Db cloudd[93764:d048f9] [com.apple.defaults:User Defaults] found no value for key BehaviorOptions in CFPrefsSearchListSource<0x600001dfc100> (Domain: com.apple.CloudKit, Container: (null))
2023-05-04 14:57:09.183 I  cloudd[93764:d0499c] [com.apple.cloudkit.sim:TrafficBinary] 6F5E9F1A9-AF6D-4AA3-9880-EA1DB07645680:
2023-05-04 14:57:09.183 Db cloudd[93764:d048f9] [com.apple.cloudkit.sim:Request] req: F5E9F1A9-AF6D-4AA3-9880-EA1DB0764568, "Calling completion block"
2023-05-04 14:57:09.183 Db cloudd[93764:d048f9] [com.apple.cloudkit.sim:Request] req: F5E9F1A9-AF6D-4AA3-9880-EA1DB0764568, "tearDownResourcesAndReleaseTheZoneLocks"
2023-05-04 14:57:09.183 Db cloudd[93764:d048f9] [com.apple.cloudkit.sim:CK] Relinquishing zone gate locks for waiter <CKDModifySubscriptionsURLRequest: 0x154d075a0 F5E9F1A9-AF6D-4AA3-9880-EA1DB0764568>
2023-05-04 14:57:09.183 Db cloudd[93764:d048f9] [com.apple.cloudkit.sim:CK] Relinquishing zone gate locks for waiter <CKDModifySubscriptionsURLRequest: 0x154d075a0 F5E9F1A9-AF6D-4AA3-9880-EA1DB0764568>
2023-05-04 14:57:09.183 Db cloudd[93764:d048f9] [com.apple.cloudkit.sim:Request] req: F5E9F1A9-AF6D-4AA3-9880-EA1DB0764568, "tearDownResources"
2023-05-04 14:57:09.184 Df cloudd[93764:d0499c] [com.apple.cloudkit.sim:OP] Operation is finishing on callback queue with an error
2023-05-04 14:57:09.184 I  cloudd[93764:d048f9] [com.apple.cloudkit.sim:Request] req: F5E9F1A9-AF6D-4AA3-9880-EA1DB0764568, "_finishOnLifecycleQueueWithError:, did finish request <CKDModifySubscriptionsURLRequest: 0x154d075a0; UUID=F5E9F1A9-AF6D-4AA3-9880-EA1DB0764568, stateFlags=finished, flags=foreground|allows-cellular|allows-expensive, error=<CKError 0x600003df3750: "Not Authenticated" (2011); "User rejected a prompt to enter their iCloud account password">> with error <CKError 0x600003df3750: "Not Authenticated" (2011); "User rejected a prompt to enter their iCloud account password">"
2023-05-04 14:57:09.184 Db cloudd[93764:d0499c] [com.apple.cloudkit.sim:CK] Operation 6C53A40F235EA1A6 sending CoreAnalytics event com.apple.cloudkit.operationFinished
2023-05-04 14:57:09.184 Db cloudd[93764:d0499c] [com.apple.CoreAnalytics.event:send] com.apple.cloudkit.operationFinished {"CKBytesDownloaded":0,"CKBytesUploaded":0,"CKConnections":0,"CKConnectionsCreated":0,"CKDuration":0.0468519926071167,"CKExecuting":0.046231985092163086,"CKQueueing":0.0006159543991088867,"MMCSBytesDownloaded":0,"MMCSBytesUploaded":0,"MMCSConnections":0,"MMCSConnectionsCreated":0,"MMCSDuration":0.0,"MMCSExecuting":0.0,"MMCSQueueing":0.0,"applicationBundleID":"com.apple.securityd","containerEnvironment":1,"containerEnvironmentString":"Production","containerIdentifier":"com.apple.security.keychain","databaseScope":2,"errorChain":"CKErrorDomain.NotAuthenticated_CKInternalErrorDomain.AuthTokenError","errorCode":9,"errorName":"Not Authenticated","operationClass":"CKDModifySubscriptionsOperation","qualityOfService":17,"qualityOfServiceString":"Utility","requestOriginator":"cloudd"}
2023-05-04 14:57:09.185 Df cloudd[93764:d0499c] [com.apple.cloudkit.sim:OP] Finished operation <CKDModifySubscriptionsOperation: 0x114d09d70; qos=Utility, operationID=6C53A40F235EA1A6, requestIDs=[F5E9F1A9-AF6D-4AA3-9880-EA1DB0764568], stateFlags=executing, flags=allows-cellular|allows-expensive, runningFor=0.048, currentAccountID=847A1D67-042B-48F0-B02C-2E78CF2DFEDC, request=<CKDModifySubscriptionsURLRequest: 0x154d075a0; UUID=F5E9F1A9-AF6D-4AA3-9880-EA1DB0764568, stateFlags=finished, flags=foreground|allows-cellular|allows-expensive, error=<CKError 0x600003df3750: "Not Authenticated" (2011); "User rejected a prompt to enter their iCloud account password">>, containerID=com.apple.security.keychain> metrics=<CKOperationMetrics: 0x600003385b80; cloudKitMetrics=<CKMetric: 0x6000001f0bd0; startDate=2023-05-04 12:57:09 +0000, duration=0.047, queueing=0.001, executing=0.046, bytesUploaded=0, bytesDownloaded=0, connections=0, connectionsCreated=0, totalBytesByChunkProfile={  }, chunkCountByChunkProfile={  }, fileCountByChunkProfile={  }>> with error: <CKError 0x600003df3750: "Not Au
2023-05-04 14:57:09.185 Db cloudd[93764:d0499c] [com.apple.cloudkit.sim:Request] req: F5E9F1A9-AF6D-4AA3-9880-EA1DB0764568, "dealloc"
2023-05-04 14:57:09.185 Db cloudd[93764:d0499c] [com.apple.cloudkit.sim:CK] Operation 6C53A40F235EA1A6 transitioned from state [Not Started] to state [Complete]
2023-05-04 14:57:09.185 Db cloudd[93764:d0499c] [com.apple.cloudkit.sim:CK] Operation was marked as finished: <CKDModifySubscriptionsOperation: 0x114d09d70; containerID=com.apple.security.keychain, qos=Utility, operationID=6C53A40F235EA1A6, requestIDs=[F5E9F1A9-AF6D-4AA3-9880-EA1DB0764568], currentAccountID=847A1D67-042B-48F0-B02C-2E78CF2DFEDC, stateFlags=finished, flags=allows-cellular|allows-expensive, state=Complete, runningFor=0.049>
2023-05-04 14:57:09.185 Db cloudd[93764:d0499c] [com.apple.cloudkit.sim:CK] Operation 6C53A40F235EA1A6 completed with error
2023-05-04 14:57:09.189 Db cloudd[93764:d0499c] [com.apple.defaults:User Defaults] found no value for key BehaviorOptions in CFPrefsSearchListSource<0x600001dfc100> (Domain: com.apple.CloudKit, Container: (null))
2023-05-04 14:57:09.191 Db securityd[93758:d04b45] [com.apple.cloudkit.sim:CK] Received completion callback for operation 6C53A40F235EA1A6 with metrics <CKOperationMetrics: 0x6000001fe2c0; cloudKitMetrics=<CKMetric: 0x6000033805a0; startDate=2023-05-04 12:57:09 +0000, duration=0.047, queueing=0.001, executing=0.046, bytesUploaded=0, bytesDownloaded=0, connections=0, connectionsCreated=0, totalBytesByChunkProfile={  }, chunkCountByChunkProfile={  }, fileCountByChunkProfile={  }>> error <CKError 0x600000f26a30: "Not Authenticated" (2011); "User rejected a prompt to enter their iCloud account password">
2023-05-04 14:57:09.192 E  securityd[93758:d04b45] [com.apple.security.ckks:ckkszonemodifier] Couldn't create cloudkit zone subscription; keychain syncing is severely degraded: <CKError 0x600000fe5c20: "Not Authenticated" (9/2011); "User rejected a prompt to enter their iCloud account password">
2023-05-04 14:57:09.195 Db cloudd[93764:d0499c] [com.apple.cloudkit.sim:CK] Connection <CKDXPCConnection: 0x6000010eff20; client=securityd(93758)> keep alive counter decremented to 0
2023-05-04 14:57:09.195 Db cloudd[93764:d0499c] [com.apple.cloudkit.sim:CK] Placeholder op <CKDPlaceholderOperation 0x144d0c180:6C53A40F235EA1A6> finished
2023-05-04 14:57:09.195 Db cloudd[93764:d0499c] [com.apple.cloudkit.sim:CK] Operation was marked as finished: <CKDPlaceholderOperation: 0x144d0c180; runningFor=0.058, realOperation={ containerID=com.apple.security.keychain, qos=Utility, operationID=6C53A40F235EA1A6, requestIDs=[F5E9F1A9-AF6D-4AA3-9880-EA1DB0764568], currentAccountID=847A1D67-042B-48F0-B02C-2E78CF2DFEDC, stateFlags=finished, flags=allows-cellular|allows-expensive, state=Complete, runningFor=0.059 }, stateFlags=finished>
2023-05-04 14:57:09.195 Df securityd[93758:d04b45] [com.apple.security.ckks:ckkszonemodifier] Successfully subscribed to (
)
2023-05-04 14:57:09.195 Df securityd[93758:d04b45] [com.apple.cloudkit.sim:OP] Finished operation <CKModifySubscriptionsOperation: 0x158308e00; databaseScope=Private, operationID=6C53A40F235EA1A6, resolvedConfig={ timeoutForRequest=60, flags=isCloudKitSupportOperation, discretionary=Non-Disc }, qos=Default, stateFlags=executing, metrics=<CKOperationMetrics: 0x6000001fe2c0; cloudKitMetrics=<CKMetric: 0x6000033805a0; startDate=2023-05-04 12:57:09 +0000, duration=0.047, queueing=0.001, executing=0.046, bytesUploaded=0, bytesDownloaded=0, connections=0, connectionsCreated=0, totalBytesByChunkProfile={  }, chunkCountByChunkProfile={  }, fileCountByChunkProfile={  }>>, databaseScope=Private>  with error: <CKError 0x600000f26a30: "Not Authenticated" (2011); "User rejected a prompt to enter their iCloud account password">
2023-05-04 14:57:09.195 Db securityd[93758:d04b45] [com.apple.cloudkit.sim:CK] mitigation: rawDelay = 9.934922, delay = 9.934922, errorGap = 10.018376, errorTime = 0.081617, errorInterval = 0.065078
2023-05-04 14:57:09.195 I  securityd[93758:d04b45] [com.apple.cloudkit.sim:CK] CloudKit is applying an error rate mitigation delay of 9.93 s to operation <CKModifySubscriptionsOperation: 0x158308e00; databaseScope=Private, operationID=6C53A40F235EA1A6, resolvedConfig={ timeoutForRequest=60, flags=isCloudKitSupportOperation, discretionary=Non-Disc }, metrics=<CKOperationMetrics: 0x6000001fe2c0; cloudKitMetrics=<CKMetric: 0x6000033805a0; startDate=2023-05-04 12:57:09 +0000, duration=0.047, queueing=0.001, executing=0.046, bytesUploaded=0, bytesDownloaded=0, connections=0, connectionsCreated=0, totalBytesByChunkProfile={  }, chunkCountByChunkProfile={  }, fileCountByChunkProfile={  }>>, qos=Default, stateFlags=executing>.
2023-05-04 14:57:09.196 Df securityd[93758:d0499a] [com.apple.security.ckks:ckkszonemodifier] finished subscribing to zones
2023-05-04 14:57:09.196 E  securityd[93758:d04a07] [com.apple.security.ckks:ckkszone-MFi] Failed to create '<CKRecordZoneID: 0x600000fab600; zoneName=MFi, ownerName=__defaultOwner__>'
2023-05-04 14:57:09.196 E  securityd[93758:d04a07] [com.apple.security.ckks:ckkszone-MFi] Failed to subscribe to '<CKRecordZoneID: 0x600000fab600; zoneName=MFi, ownerName=__defaultOwner__>'
2023-05-04 14:57:09.196 Df securityd[93758:d04a07] [com.apple.security.ckks:ckkszone-MFi] Zone setup progress: created:0 <CKError 0x600000e36400: "Not Authenticated" (9/2011); "User rejected a prompt to enter their iCloud account password"> subscribed:0 <CKError 0x600000fe5c20: "Not Authenticated" (9/2011); "User rejected a prompt to enter their iCloud account password">
2023-05-04 14:57:09.197 E  securityd[93758:d04a07] [com.apple.security.ckks:ckkszone-ProtectedCloudStorage] Failed to create '<CKRecordZoneID: 0x600000faa250; zoneName=ProtectedCloudStorage, ownerName=__defaultOwner__>'
2023-05-04 14:57:09.197 E  securityd[93758:d04a07] [com.apple.security.ckks:ckkszone-ProtectedCloudStorage] Failed to subscribe to '<CKRecordZoneID: 0x600000faa250; zoneName=ProtectedCloudStorage, ownerName=__defaultOwner__>'
2023-05-04 14:57:09.197 Df securityd[93758:d04a07] [com.apple.security.ckks:ckkszone-ProtectedCloudStorage] Zone setup progress: created:0 <CKError 0x600000e36400: "Not Authenticated" (9/2011); "User rejected a prompt to enter their iCloud account password"> subscribed:0 <CKError 0x600000fe5c20: "Not Authenticated" (9/2011); "User rejected a prompt to enter their iCloud account password">
2023-05-04 14:57:09.197 E  securityd[93758:d04a07] [com.apple.security.ckks:ckkszone-Passwords] Failed to create '<CKRecordZoneID: 0x600000f90f90; zoneName=Passwords, ownerName=__defaultOwner__>'
2023-05-04 14:57:09.197 E  securityd[93758:d04a07] [com.apple.security.ckks:ckkszone-Passwords] Failed to subscribe to '<CKRecordZoneID: 0x600000f90f90; zoneName=Passwords, ownerName=__defaultOwner__>'
2023-05-04 14:57:09.197 Df securityd[93758:d04a07] [com.apple.security.ckks:ckkszone-Passwords] Zone setup progress: created:0 <CKError 0x600000e36400: "Not Authenticated" (9/2011); "User rejected a prompt to enter their iCloud account password"> subscribed:0 <CKError 0x600000fe5c20: "Not Authenticated" (9/2011); "User rejected a prompt to enter their iCloud account password">
2023-05-04 14:57:09.197 E  securityd[93758:d04a07] [com.apple.security.ckks:ckkszone-SecureObjectSync] Failed to create '<CKRecordZoneID: 0x600000fb0ff0; zoneName=SecureObjectSync, ownerName=__defaultOwner__>'
2023-05-04 14:57:09.197 E  securityd[93758:d04a07] [com.apple.security.ckks:ckkszone-SecureObjectSync] Failed to subscribe to '<CKRecordZoneID: 0x600000fb0ff0; zoneName=SecureObjectSync, ownerName=__defaultOwner__>'
2023-05-04 14:57:09.197 Df securityd[93758:d04a07] [com.apple.security.ckks:ckkszone-SecureObjectSync] Zone setup progress: created:0 <CKError 0x600000e36400: "Not Authenticated" (9/2011); "User rejected a prompt to enter their iCloud account password"> subscribed:0 <CKError 0x600000fe5c20: "Not Authenticated" (9/2011); "User rejected a prompt to enter their iCloud account password">
2023-05-04 14:57:09.197 E  securityd[93758:d04a07] [com.apple.security.ckks:ckkszone-WiFi] Failed to create '<CKRecordZoneID: 0x600000f8db00; zoneName=WiFi, ownerName=__defaultOwner__>'
2023-05-04 14:57:09.197 E  securityd[93758:d04a07] [com.apple.security.ckks:ckkszone-WiFi] Failed to subscribe to '<CKRecordZoneID: 0x600000f8db00; zoneName=WiFi, ownerName=__defaultOwner__>'
2023-05-04 14:57:09.197 Df securityd[93758:d04a07] [com.apple.security.ckks:ckkszone-WiFi] Zone setup progress: created:0 <CKError 0x600000e36400: "Not Authenticated" (9/2011); "User rejected a prompt to enter their iCloud account password"> subscribed:0 <CKError 0x600000fe5c20: "Not Authenticated" (9/2011); "User rejected a prompt to enter their iCloud account password">
2023-05-04 14:57:09.197 E  securityd[93758:d04a07] [com.apple.security.ckks:ckkszone-Mail] Failed to create '<CKRecordZoneID: 0x600000fb1500; zoneName=Mail, ownerName=__defaultOwner__>'
2023-05-04 14:57:09.197 E  securityd[93758:d04a07] [com.apple.security.ckks:ckkszone-Mail] Failed to subscribe to '<CKRecordZoneID: 0x600000fb1500; zoneName=Mail, ownerName=__defaultOwner__>'
2023-05-04 14:57:09.197 Df securityd[93758:d04a07] [com.apple.security.ckks:ckkszone-Mail] Zone setup progress: created:0 <CKError 0x600000e36400: "Not Authenticated" (9/2011); "User rejected a prompt to enter their iCloud account password"> subscribed:0 <CKError 0x600000fe5c20: "Not Authenticated" (9/2011); "User rejected a prompt to enter their iCloud account password">
2023-05-04 14:57:09.197 E  securityd[93758:d04a07] [com.apple.security.ckks:ckkszone-Home] Failed to create '<CKRecordZoneID: 0x600000fabae0; zoneName=Home, ownerName=__defaultOwner__>'
2023-05-04 14:57:09.197 E  securityd[93758:d04a07] [com.apple.security.ckks:ckkszone-Home] Failed to subscribe to '<CKRecordZoneID: 0x600000fabae0; zoneName=Home, ownerName=__defaultOwner__>'
2023-05-04 14:57:09.197 Df securityd[93758:d04a07] [com.apple.security.ckks:ckkszone-Home] Zone setup progress: created:0 <CKError 0x600000e36400: "Not Authenticated" (9/2011); "User rejected a prompt to enter their iCloud account password"> subscribed:0 <CKError 0x600000fe5c20: "Not Authenticated" (9/2011); "User rejected a prompt to enter their iCloud account password">
2023-05-04 14:57:09.198 E  securityd[93758:d04a07] [com.apple.security.ckks:ckkszone-ApplePay] Failed to create '<CKRecordZoneID: 0x600000fb5320; zoneName=ApplePay, ownerName=__defaultOwner__>'
2023-05-04 14:57:09.198 E  securityd[93758:d04a07] [com.apple.security.ckks:ckkszone-ApplePay] Failed to subscribe to '<CKRecordZoneID: 0x600000fb5320; zoneName=ApplePay, ownerName=__defaultOwner__>'
2023-05-04 14:57:09.198 Df securityd[93758:d04a07] [com.apple.security.ckks:ckkszone-ApplePay] Zone setup progress: created:0 <CKError 0x600000e36400: "Not Authenticated" (9/2011); "User rejected a prompt to enter their iCloud account password"> subscribed:0 <CKError 0x600000fe5c20: "Not Authenticated" (9/2011); "User rejected a prompt to enter their iCloud account password">
2023-05-04 14:57:09.198 E  securityd[93758:d04a07] [com.apple.security.ckks:ckkszone-Health] Failed to create '<CKRecordZoneID: 0x600000fb5770; zoneName=Health, ownerName=__defaultOwner__>'
2023-05-04 14:57:09.198 E  securityd[93758:d04a07] [com.apple.security.ckks:ckkszone-Health] Failed to subscribe to '<CKRecordZoneID: 0x600000fb5770; zoneName=Health, ownerName=__defaultOwner__>'
2023-05-04 14:57:09.198 Df securityd[93758:d04a07] [com.apple.security.ckks:ckkszone-Health] Zone setup progress: created:0 <CKError 0x600000e36400: "Not Authenticated" (9/2011); "User rejected a prompt to enter their iCloud account password"> subscribed:0 <CKError 0x600000fe5c20: "Not Authenticated" (9/2011); "User rejected a prompt to enter their iCloud account password">
2023-05-04 14:57:09.198 E  securityd[93758:d04a07] [com.apple.security.ckks:ckkszone-AutoUnlock] Failed to create '<CKRecordZoneID: 0x600000fb1bc0; zoneName=AutoUnlock, ownerName=__defaultOwner__>'
2023-05-04 14:57:09.198 E  securityd[93758:d04a07] [com.apple.security.ckks:ckkszone-AutoUnlock] Failed to subscribe to '<CKRecordZoneID: 0x600000fb1bc0; zoneName=AutoUnlock, ownerName=__defaultOwner__>'
2023-05-04 14:57:09.198 Df securityd[93758:d04a07] [com.apple.security.ckks:ckkszone-AutoUnlock] Zone setup progress: created:0 <CKError 0x600000e36400: "Not Authenticated" (9/2011); "User rejected a prompt to enter their iCloud account password"> subscribed:0 <CKError 0x600000fe5c20: "Not Authenticated" (9/2011); "User rejected a prompt to enter their iCloud account password">
2023-05-04 14:57:09.198 E  securityd[93758:d04a07] [com.apple.security.ckks:ckkszone-LimitedPeersAllowed] Failed to create '<CKRecordZoneID: 0x600000faacd0; zoneName=LimitedPeersAllowed, ownerName=__defaultOwner__>'
2023-05-04 14:57:09.198 E  securityd[93758:d04a07] [com.apple.security.ckks:ckkszone-LimitedPeersAllowed] Failed to subscribe to '<CKRecordZoneID: 0x600000faacd0; zoneName=LimitedPeersAllowed, ownerName=__defaultOwner__>'
2023-05-04 14:57:09.198 Df securityd[93758:d04a07] [com.apple.security.ckks:ckkszone-LimitedPeersAllowed] Zone setup progress: created:0 <CKError 0x600000e36400: "Not Authenticated" (9/2011); "User rejected a prompt to enter their iCloud account password"> subscribed:0 <CKError 0x600000fe5c20: "Not Authenticated" (9/2011); "User rejected a prompt to enter their iCloud account password">
2023-05-04 14:57:09.198 E  securityd[93758:d04a07] [com.apple.security.ckks:ckkszone-SE-PTC] Failed to create '<CKRecordZoneID: 0x600000fb1fb0; zoneName=SE-PTC, ownerName=__defaultOwner__>'
2023-05-04 14:57:09.198 E  securityd[93758:d04a07] [com.apple.security.ckks:ckkszone-SE-PTC] Failed to subscribe to '<CKRecordZoneID: 0x600000fb1fb0; zoneName=SE-PTC, ownerName=__defaultOwner__>'
2023-05-04 14:57:09.198 Df securityd[93758:d04a07] [com.apple.security.ckks:ckkszone-SE-PTC] Zone setup progress: created:0 <CKError 0x600000e36400: "Not Authenticated" (9/2011); "User rejected a prompt to enter their iCloud account password"> subscribed:0 <CKError 0x600000fe5c20: "Not Authenticated" (9/2011); "User rejected a prompt to enter their iCloud account password">
2023-05-04 14:57:09.198 E  securityd[93758:d04a07] [com.apple.security.ckks:ckkszone-CreditCards] Failed to create '<CKRecordZoneID: 0x600000fb2790; zoneName=CreditCards, ownerName=__defaultOwner__>'
2023-05-04 14:57:09.198 E  securityd[93758:d04a07] [com.apple.security.ckks:ckkszone-CreditCards] Failed to subscribe to '<CKRecordZoneID: 0x600000fb2790; zoneName=CreditCards, ownerName=__defaultOwner__>'
2023-05-04 14:57:09.198 Df securityd[93758:d04a07] [com.apple.security.ckks:ckkszone-CreditCards] Zone setup progress: created:0 <CKError 0x600000e36400: "Not Authenticated" (9/2011); "User rejected a prompt to enter their iCloud account password"> subscribed:0 <CKError 0x600000fe5c20: "Not Authenticated" (9/2011); "User rejected a prompt to enter their iCloud account password">
2023-05-04 14:57:09.198 E  securityd[93758:d04a07] [com.apple.security.ckks:ckkszone-DevicePairing] Failed to create '<CKRecordZoneID: 0x600000fb21c0; zoneName=DevicePairing, ownerName=__defaultOwner__>'
2023-05-04 14:57:09.198 E  securityd[93758:d04a07] [com.apple.security.ckks:ckkszone-DevicePairing] Failed to subscribe to '<CKRecordZoneID: 0x600000fb21c0; zoneName=DevicePairing, ownerName=__defaultOwner__>'
2023-05-04 14:57:09.198 Df securityd[93758:d04a07] [com.apple.security.ckks:ckkszone-DevicePairing] Zone setup progress: created:0 <CKError 0x600000e36400: "Not Authenticated" (9/2011); "User rejected a prompt to enter their iCloud account password"> subscribed:0 <CKError 0x600000fe5c20: "Not Authenticated" (9/2011); "User rejected a prompt to enter their iCloud account password">
2023-05-04 14:57:09.198 E  securityd[93758:d04a07] [com.apple.security.ckks:ckkszone-Engram] Failed to create '<CKRecordZoneID: 0x600000fab240; zoneName=Engram, ownerName=__defaultOwner__>'
2023-05-04 14:57:09.198 E  securityd[93758:d04a07] [com.apple.security.ckks:ckkszone-Engram] Failed to subscribe to '<CKRecordZoneID: 0x600000fab240; zoneName=Engram, ownerName=__defaultOwner__>'
2023-05-04 14:57:09.198 Df securityd[93758:d04a07] [com.apple.security.ckks:ckkszone-Engram] Zone setup progress: created:0 <CKError 0x600000e36400: "Not Authenticated" (9/2011); "User rejected a prompt to enter their iCloud account password"> subscribed:0 <CKError 0x600000fe5c20: "Not Authenticated" (9/2011); "User rejected a prompt to enter their iCloud account password">
2023-05-04 14:57:09.199 E  securityd[93758:d04a07] [com.apple.security.ckks:ckkszone-SE-PTA] Failed to create '<CKRecordZoneID: 0x600000faa2e0; zoneName=SE-PTA, ownerName=__defaultOwner__>'
2023-05-04 14:57:09.199 E  securityd[93758:d04a07] [com.apple.security.ckks:ckkszone-SE-PTA] Failed to subscribe to '<CKRecordZoneID: 0x600000faa2e0; zoneName=SE-PTA, ownerName=__defaultOwner__>'
2023-05-04 14:57:09.199 Df securityd[93758:d04a07] [com.apple.security.ckks:ckkszone-SE-PTA] Zone setup progress: created:0 <CKError 0x600000e36400: "Not Authenticated" (9/2011); "User rejected a prompt to enter their iCloud account password"> subscribed:0 <CKError 0x600000fe5c20: "Not Authenticated" (9/2011); "User rejected a prompt to enter their iCloud account password">
2023-05-04 14:57:09.199 E  securityd[93758:d04a07] [com.apple.security.ckks:ckkszone-Manatee] Failed to create '<CKRecordZoneID: 0x600000fb2700; zoneName=Manatee, ownerName=__defaultOwner__>'
2023-05-04 14:57:09.199 E  securityd[93758:d04a07] [com.apple.security.ckks:ckkszone-Manatee] Failed to subscribe to '<CKRecordZoneID: 0x600000fb2700; zoneName=Manatee, ownerName=__defaultOwner__>'
2023-05-04 14:57:09.199 Df securityd[93758:d04a07] [com.apple.security.ckks:ckkszone-Manatee] Zone setup progress: created:0 <CKError 0x600000e36400: "Not Authenticated" (9/2011); "User rejected a prompt to enter their iCloud account password"> subscribed:0 <CKError 0x600000fe5c20: "Not Authenticated" (9/2011); "User rejected a prompt to enter their iCloud account password">
